{smcl}
{txt}{sf}{ul off}{.-}
      name:  {res}<unnamed>
       {txt}log:  {res}C:\ihds\36151-0002-Data.smcl
  {txt}log type:  {res}smcl
 {txt}opened on:  {res}24 May 2023, 23:22:45
{txt}
{com}. 
. //------------------------------------------------------------------------------
. // set directory ...
. //------------------------------------------------------------------------------
. 
. local dirpath "C:\ihds"
{txt}
{com}. 
. cd `dirpath'
{res}C:\ihds
{txt}
{com}. 
. 
. 
. //------------------------------------------------------------------------------
. // Some Macros: 
. //      Program append2empty: append to an empty dataset 
. //      Program pe: Print Execute with loops
. //------------------------------------------------------------------------------
. 
. capture program drop append2empty
{txt}
{com}. program define append2empty
{txt}  1{com}.         tempvar qwerty // create tempvars 
{txt}  2{com}.                 gen `qwerty' = 1
{txt}  3{com}.         append using `1' // append all datasets  
{txt}  4{com}. end 
{txt}
{com}. /*------------------------------------------------------------------------------
> clear
> append_empty somedataset
> ------------------------------------------------------------------------------*/
. 
. program define pe
{txt}  1{com}.         if `"`0'"' != " " {c -(}
{txt}  2{com}.                 display as text `"`0'"'
{txt}  3{com}.                 `0'
{txt}  4{com}.                 display("")
{txt}  5{com}.         {c )-}
{txt}  6{com}. end
{txt}
{com}. 
. 
. 
. //------------------------------------------------------------------------------
. // Github url
. //------------------------------------------------------------------------------
. 
. local giturl = "https://raw.githubusercontent.com/sureshlazaruspaul/ihds/main" 
{txt}
{com}. 
. 
. 
. //------------------------------------------------------------------------------
. // read data ... 
. //------------------------------------------------------------------------------
. 
. use "https://www.dropbox.com/s/yb0msszqzea1qf3/36151-0002-Data.dta?dl=1", clear
{txt}(India Human Development Survey-II (IHDS-II), 2011-12, Household)

{com}. 
. 
. //------------------------------------------------------------------------------
. // reassign variables by removing formatting ...
. //------------------------------------------------------------------------------
. /*
> foreach v of var * {c -(}
>         cap label val `v'
> {c )-}
> */
. 
. 
. ********** CHANGE FORMAT OF VARIABLES
. destring IDHH, replace
{txt}IDHH: all characters numeric; {res}replaced {txt}as {res}double
{txt}
{com}. 
. 
. ********** format electricity variables 
. replace FU1  = . if (FU1  >= -7 & FU1  <= -1)
{txt}(0 real changes made)

{com}. replace FU1A = . if (FU1A >= -7 & FU1A <= -1)
{txt}(0 real changes made)

{com}. replace FU1B = . if (FU1B >= -7 & FU1B <= -1)
{txt}(0 real changes made)

{com}. replace FU1C = . if (FU1C >= -7 & FU1C <= -1)
{txt}(0 real changes made)

{com}.         
. // rename variables 
. ren FM13A    FMA 
{res}{txt}
{com}. ren FM13B    FMB 
{res}{txt}
{com}. ren DISTRICT DISTNAME 
{res}{txt}
{com}. ren WA1A     WSA 
{res}{txt}
{com}. ren CG6      CGA
{res}{txt}
{com}. ren FU14A2   WALKFUEL_FADU 
{res}{txt}
{com}. ren FU14C2   WALKFUEL_F 
{res}{txt}
{com}. ren FU14D2   WALKFUEL_M 
{res}{txt}
{com}. ren FU14A1   FUELFREQ_FADU 
{res}{txt}
{com}. ren FU14C1   FUELFREQ_F 
{res}{txt}
{com}. ren FU14D1   FUELFREQ_M
{res}{txt}
{com}. ren WA6A     WATERTIME_FADU  
{res}{txt}
{com}. ren WA6C     WATERTIME_F 
{res}{txt}
{com}. ren WA6D     WATERTIME_M 
{res}{txt}
{com}. ren CG7      CG5X
{res}{txt}
{com}. ren CG18     CG16X
{res}{txt}
{com}. ren CG23     CG20X
{res}{txt}
{com}. ren CG13     CG11X
{res}{txt}
{com}. ren CG11     CG9X
{res}{txt}
{com}. ren CG22     CG19X
{res}{txt}
{com}. ren CG24     CG21X
{res}{txt}
{com}. ren CG17     CG15X
{res}{txt}
{com}. ren CG9      CG7X
{res}{txt}
{com}. ren CG10     CG8X
{res}{txt}
{com}. 
. replace CGA  = . if CGA < 0 
{txt}(0 real changes made)

{com}. replace FMA  = . if FMA < 0 
{txt}(0 real changes made)

{com}. replace FMB  = . if FMB < 0 
{txt}(0 real changes made)

{com}. replace WSA  = . if (WSA  >= 12 & WSA  <= -1)
{txt}(0 real changes made)

{com}. 
. gen GW = inlist( FMA, 1, 2, 3 ) | inlist( FMB, 1, 2, 3 ) 
{txt}
{com}.         replace GW = . if mi( FMA ) & mi( FMB ) 
{txt}(32,510 real changes made, 32,510 to missing)

{com}.         label variable GW "Ground Water available (Yes/No)"
{txt}
{com}.         label define yesno 0 "0 no" 1 "1 yes" 
{txt}
{com}.         label values GW yesno  
{txt}
{com}. 
. ********** KEEP RELEVANT VARIABLES
. keep IDHH FU1 FU1A FU1B FU1C POOR FMA FMB GW WSA CGA WALKFUEL_FADU WALKFUEL_F WALKFUEL_M FUELFREQ_FADU FUELFREQ_F FUELFREQ_M WATERTIME_FADU WATERTIME_F WATERTIME_M CG5X CG16X CG20X CG11X CG9X CG19X CG21X CG15X CG7X CG8X MM4W MM4C MM1W MM1C MM2W MM2C SA4 
{txt}
{com}. 
. 
. // rename all variables ... 
. rename *, lower 
{res}{txt}
{com}. 
. // order variables alphabetically ... 
. order _all, alphabetic
{txt}
{com}. 
. 
. local outfile "`dirpath'\36151-0002-Data_out.dta" 
{txt}
{com}. save `outfile', replace
{txt}{p 0 4 2}
(file {bf}
C:\ihds\36151-0002-Data_out.dta{rm}
not found)
{p_end}
{p 0 4 2}
file {bf}
C:\ihds\36151-0002-Data_out.dta{rm}
saved
{p_end}

{com}. 
. //------------------------------------------------------------------------------
. // describe variables ...  
. //------------------------------------------------------------------------------
. 
. describe `r(varlist)'

{txt}Contains data from {res}C:\ihds\36151-0002-Data_out.dta
{txt} Observations:{res}        42,152                  India Human Development Survey-II (IHDS-II), 2011-12, Household
{txt}    Variables:{res}            37                  24 May 2023 23:22
{txt}{hline}
Variable      Storage   Display    Value
    name         type    format    label      Variable label
{hline}
{p 0 48}{res}{bind:cg11x          }{txt}{bind: int     }{bind:{txt}%5.0f     }{space 1}{bind:CG13     }{bind:  }{res}{res}HQ26 15.13 Own: Electric fan{p_end}
{p 0 48}{bind:cg15x          }{txt}{bind: int     }{bind:{txt}%5.0f     }{space 1}{bind:CG17     }{bind:  }{res}{res}HQ26 15.17 Own: Cell phone{p_end}
{p 0 48}{bind:cg16x          }{txt}{bind: int     }{bind:{txt}%5.0f     }{space 1}{bind:CG18     }{bind:  }{res}{res}HQ26 15.18 Own: Refrigerator{p_end}
{p 0 48}{bind:cg19x          }{txt}{bind: int     }{bind:{txt}%5.0f     }{space 1}{bind:CG22     }{bind:  }{res}{res}HQ26 15.22 Own: Air conditioner{p_end}
{p 0 48}{bind:cg20x          }{txt}{bind: int     }{bind:{txt}%5.0f     }{space 1}{bind:CG23     }{bind:  }{res}{res}HQ26 15.23 Own: Washing machine{p_end}
{p 0 48}{bind:cg21x          }{txt}{bind: int     }{bind:{txt}%5.0f     }{space 1}{bind:CG24     }{bind:  }{res}{res}HQ26 15.24 Own: Computer{p_end}
{p 0 48}{bind:cg5x           }{txt}{bind: int     }{bind:{txt}%5.0f     }{space 1}{bind:CG7      }{bind:  }{res}{res}HQ26 15.7 Own: Mixer/grinder{p_end}
{p 0 48}{bind:cg7x           }{txt}{bind: int     }{bind:{txt}%5.0f     }{space 1}{bind:CG9      }{bind:  }{res}{res}HQ26 15.9 Own: Black & White TV{p_end}
{p 0 48}{bind:cg8x           }{txt}{bind: int     }{bind:{txt}%5.0f     }{space 1}{bind:CG10     }{bind:  }{res}{res}HQ26 15.10 Own: Colour TV{p_end}
{p 0 48}{bind:cg9x           }{txt}{bind: int     }{bind:{txt}%5.0f     }{space 1}{bind:CG11     }{bind:  }{res}{res}HQ26 15.11 Own: Air cooler{p_end}
{p 0 48}{bind:cga            }{txt}{bind: int     }{bind:{txt}%5.0f     }{space 1}{bind:CG6      }{bind:  }{res}{res}HQ26 15.6 Own: Generator set{p_end}
{p 0 48}{bind:fma            }{txt}{bind: int     }{bind:{txt}%21.0f    }{space 1}{bind:FM13A    }{bind:  }{res}{res}HQ7 5.13a Irrigation type 1{p_end}
{p 0 48}{bind:fmb            }{txt}{bind: int     }{bind:{txt}%21.0f    }{space 1}{bind:FM13B    }{bind:  }{res}{res}HQ7 5.13b Irrigation type 2{p_end}
{p 0 48}{bind:fu1            }{txt}{bind: int     }{bind:{txt}%5.0f     }{space 1}{bind:FU1      }{bind:  }{res}{res}EQ10 7.1 Household has electricity{p_end}
{p 0 48}{bind:fu1a           }{txt}{bind: int     }{bind:{txt}%2.0f     }{space 1}{bind:         }{bind:  }{res}{res}EQ10 7.1a Electricity access hours/day{p_end}
{p 0 48}{bind:fu1b           }{txt}{bind: int     }{bind:{txt}%37.0f    }{space 1}{bind:FU1B     }{bind:  }{res}{res}EQ10 7.1b Electricity Payment{p_end}
{p 0 48}{bind:fu1c           }{txt}{bind: int     }{bind:{txt}%4.0f     }{space 1}{bind:         }{bind:  }{res}{res}EQ10 7.1c Electricity Price Rs (30 day){p_end}
{p 0 48}{bind:fuelfreq_f     }{txt}{bind: int     }{bind:{txt}%13.0f    }{space 1}{bind:FU14C1   }{bind:  }{res}{res}EQ11 7.14c1 Fuel collection frequency: girls under 15{p_end}
{p 0 48}{bind:fuelfreq_fadu  }{txt}{bind: int     }{bind:{txt}%13.0f    }{space 1}{bind:FU14A1   }{bind:  }{res}{res}EQ11 7.14a1 Fuel collection frequency: adult women{p_end}
{p 0 48}{bind:fuelfreq_m     }{txt}{bind: int     }{bind:{txt}%13.0f    }{space 1}{bind:FU14D1   }{bind:  }{res}{res}EQ11 7.14d1 Fuel collection frequency: boys under 15{p_end}
{p 0 48}{bind:gw             }{txt}{bind: float   }{bind:{txt}%9.0g     }{space 1}{bind:yesno    }{bind:  }{res}{res}Ground Water available (Yes/No){p_end}
{p 0 48}{bind:idhh           }{txt}{bind: double  }{bind:{txt}%10.0g    }{space 1}{bind:         }{bind:  }{res}{res}Household id, unique 10 byte string{p_end}
{p 0 48}{bind:mm1c           }{txt}{bind: int     }{bind:{txt}%11.0f    }{space 1}{bind:MM1C     }{bind:  }{res}{res}HQ22 13.1c How often radio: Children{p_end}
{p 0 48}{bind:mm1w           }{txt}{bind: int     }{bind:{txt}%11.0f    }{space 1}{bind:MM1W     }{bind:  }{res}{res}HQ22 13.1w How often radio: Women{p_end}
{p 0 48}{bind:mm2c           }{txt}{bind: int     }{bind:{txt}%11.0f    }{space 1}{bind:MM2C     }{bind:  }{res}{res}HQ22 13.2c How often newspaper: Children{p_end}
{p 0 48}{bind:mm2w           }{txt}{bind: int     }{bind:{txt}%11.0f    }{space 1}{bind:MM2W     }{bind:  }{res}{res}HQ22 13.2w How often newspaper: Women{p_end}
{p 0 48}{bind:mm4c           }{txt}{bind: int     }{bind:{txt}%20.0f    }{space 1}{bind:MM4C     }{bind:  }{res}{res}HQ22 13.4c TV hrs/day: Children{p_end}
{p 0 48}{bind:mm4w           }{txt}{bind: int     }{bind:{txt}%20.0f    }{space 1}{bind:MM4W     }{bind:  }{res}{res}HQ22 13.4w TV hrs/day: Women{p_end}
{p 0 48}{bind:poor           }{txt}{bind: int     }{bind:{txt}%9.0f     }{space 1}{bind:POOR     }{bind:  }{res}{res}Expenditure/ capita < povertyline (Tendulkar, 2012){p_end}
{p 0 48}{bind:sa4            }{txt}{bind: int     }{bind:{txt}%51.0f    }{space 1}{bind:SA4      }{bind:  }{res}{res}EQ10 6.4 Household Toilet{p_end}
{p 0 48}{bind:walkfuel_f     }{txt}{bind: int     }{bind:{txt}%3.0f     }{space 1}{bind:         }{bind:  }{res}{res}EQ11 7.14c2 Fuel collection total time (minutes): girls under 15{p_end}
{p 0 48}{bind:walkfuel_fadu  }{txt}{bind: int     }{bind:{txt}%3.0f     }{space 1}{bind:         }{bind:  }{res}{res}EQ11 7.14a2 Fuel collection total time (minutes): adult women{p_end}
{p 0 48}{bind:walkfuel_m     }{txt}{bind: int     }{bind:{txt}%3.0f     }{space 1}{bind:         }{bind:  }{res}{res}EQ11 7.14d2 Fuel collection total time (minutes): boys under 15{p_end}
{p 0 48}{bind:watertime_f    }{txt}{bind: int     }{bind:{txt}%3.0f     }{space 1}{bind:         }{bind:  }{res}{res}EQ9 5.6c Time spent getting water (minutes/day): girls under 15{p_end}
{p 0 48}{bind:watertime_fadu }{txt}{bind: int     }{bind:{txt}%3.0f     }{space 1}{bind:         }{bind:  }{res}{res}EQ9 5.6a Time spent getting water (minutes/day): adult women{p_end}
{p 0 48}{bind:watertime_m    }{txt}{bind: int     }{bind:{txt}%3.0f     }{space 1}{bind:         }{bind:  }{res}{res}EQ9 5.6d Time spent getting water (minutes/day): boys under 15{p_end}
{p 0 48}{bind:wsa            }{txt}{bind: int     }{bind:{txt}%23.0f    }{space 1}{bind:WA1A     }{bind:  }{res}{res}EQ9 5.1a Main water source: normally{p_end}
{txt}{hline}
Sorted by: 

{com}. 
. 
. ********** CLOSE OUTPUT
. log close
      {txt}name:  {res}<unnamed>
       {txt}log:  {res}C:\ihds\36151-0002-Data.smcl
  {txt}log type:  {res}smcl
 {txt}closed on:  {res}24 May 2023, 23:22:48
{txt}{.-}
{smcl}
{txt}{sf}{ul off}